svilupposoftware2023@a24pc11:~$ ss-keygen -o -t rsa -C "agaamma@gmail.com"

Comando «ss-keygen» non trovato, si intendeva forse:

  comando «ssh-keygen» da deb openssh-client (1:8.2p1-4ubuntu0.9)

Provare: apt install <nome deb>

svilupposoftware2023@a24pc11:~$ ssh-keygen -o -t rsa -C "agaamma@gmail.com"
Generating public/private rsa key pair.
Enter file in which to save the key (/home/svilupposoftware2023/.ssh/id_rsa): 
Enter passphrase (empty for no passphrase): 
Enter same passphrase again: 
Your identification has been saved in /home/svilupposoftware2023/.ssh/id_rsa
Your public key has been saved in /home/svilupposoftware2023/.ssh/id_rsa.pub
The key fingerprint is:
SHA256:QkgCsajqe58Mmz7P1TQ6u80dq/eIpcI1FQIXmbbyuGI agaamma@gmail.com
The key's randomart image is:
+---[RSA 3072]----+
|oo. .  ..o+      |
|.. o .  .= .     |
|o   . . . o .    |
|.    . . . .     |
|.     . So.      |
|.      o++.      |
|.  .  .+o..o     |
|.  o*Eo+= =.+    |
| o++=*.oo*o+..   |
+----[SHA256]-----+
svilupposoftware2023@a24pc11:~$ ssh-add ~/.ssh/id_rsa
Identity added: /home/svilupposoftware2023/.ssh/id_rsa (agaamma@gmail.com)
svilupposoftware2023@a24pc11:~$ cat ~/ssh/id_rsa.pub
cat: /home/svilupposoftware2023/ssh/id_rsa.pub: File o directory non esistente
svilupposoftware2023@a24pc11:~$ copia token
copia: comando non trovato
svilupposoftware2023@a24pc11:~$ ssh-keygen -o -t rsa -C "agaamma@gmail.com"
Generating public/private rsa key pair.
Enter file in which to save the key (/home/svilupposoftware2023/.ssh/id_rsa): 
Enter passphrase (empty for no passphrase): 
Enter same passphrase again: 
" failed: No such file or directorypcI1FQIXmbbyuGI agaamma@gmail.com_rsa.pub: 
svilupposoftware2023@a24pc11:~$ ssh-add ~/.ssh/id_rsa
Identity added: /home/svilupposoftware2023/.ssh/id_rsa (agaamma@gmail.com)
svilupposoftware2023@a24pc11:~$ cat ~/.ssh/id_rsa.pub
ssh-rsa AAAAB3NzaC1yc2EAAAADAQABAAABgQC404PtgjI2AsVfe9L26diBaRM5UtQt5RLO6VMShBeHTxXg+RumcqNzCzk3J/RC6QKQks3ciK2x8GHr92LhN0m2ybgZRqUd8ZLPf+3lz015tgPlqvYs7kO77TRdPuEtE8UoN2TfUN9hu8P8AkxBFdVvt4TXriCqkqwID0IkKi0xqSS0O/6KIVlH9MGgrxyooB5bFrwFavI8yYQ0xqUfM0WhwYK2toxjGJkgtdS58nDdbdJVjmLJkfFuZyeSmfsBpNR7rwHzYeM2gFFsvPQs24dZWOU9mrxedESx3tdIhueJqSnbCzNVjOBLgvCV7hsXtR21yFos96Y3n70shbNp7NdJIbSnMAhch859jF/I+PE1QEaZ8ZkoiMW7MCksuhlFCYvDtl/oWktHmXqfLoDT0hbvT5aCFv0XHTdcx7Fb7vMXNm+Ilk5KhBivDfwGHgmOzn/d4NRJkiMi5fZUytwPBfSuDwgeWAkjOqoHGQAY68/5U7B9LdTb0kHo6SwBr9S8xS0= agaamma@gmail.com
svilupposoftware2023@a24pc11:~$






svilupposoftware2023@a24pc11:~$ cd Scrivania
svilupposoftware2023@a24pc11:~/Scrivania$ git clone git@github.com:agaamma/engimHTML.git
Clone in 'engimHTML' in corso...
The authenticity of host 'github.com (140.82.121.4)' can't be established.
ECDSA key fingerprint is SHA256:p2QAMXNIC1TJYWeIOttrVc98/R1BUFWu3/LiyKgUfQM.
Are you sure you want to continue connecting (yes/no/[fingerprint])? yes
Warning: Permanently added 'github.com,140.82.121.4' (ECDSA) to the list of known hosts.
git@github.com: Permission denied (publickey).
fatal: Impossibile leggere dal repository remoto.

Assicurati di disporre dei privilegi d'accesso corretti
e che il repository esista.
svilupposoftware2023@a24pc11:~/Scrivania$ git clone git@github.com:agaamma/engimHTML.git
Clone in 'engimHTML' in corso...
remote: Enumerating objects: 3, done.
remote: Counting objects: 100% (3/3), done.
remote: Total 3 (delta 0), reused 0 (delta 0), pack-reused 0
Ricezione degli oggetti: 100% (3/3), fatto.
svilupposoftware2023@a24pc11:~/Scrivania$ 
 

